Linux 7.0.0-28-generic
openjdk version "25.0.4.1" 2026-08-18
backend=epoll
Running main() from /tmp/lle-build/coord-nassau/_deps/googletest-src/googletest/src/gtest_main.cc
[==========] Running 1 test from 1 test suite.
[----------] Global test environment set-up.
[----------] 1 test from NassauInterop
[ RUN      ] NassauInterop.SoupBinTcpSessionAndMoldUdp64WithLoss
nassau MoldUDP64: eos delivered=4050 eos_seq=4051 relayed=453 dropped=50 requests=160 requested_messages=46321 gap_fills=14 complete=true
nassau SoupBinTCP:
login-accepted session='LLE0000001' seq=1
sent 50
received 51
idle-ok ms=17000 received 51
logout
login-accepted session='LLE0000001' seq=1
replay-identical n=51
eos received 102
done
[       OK ] NassauInterop.SoupBinTcpSessionAndMoldUdp64WithLoss (18235 ms)
[----------] 1 test from NassauInterop (18236 ms total)

[----------] Global test environment tear-down
[==========] 1 test from 1 test suite ran. (18237 ms total)
[  PASSED  ] 1 test.
